backend/scripts/set-pwd.ts(1,31): error TS2307: Cannot find module '../database/supabase' or its corresponding type declarations.
backend/scripts/verify_contacts.ts(5,36): error TS2345: Argument of type 'string | undefined' is not assignable to parameter of type 'string'.
  Type 'undefined' is not assignable to type 'string'.
